# Job ID: 29362905
# Date and Time: 2026-08-17 13:29:17
Running results/aims.n=0.out
# End Time: 2026-08-17 13:35:19
# Elapsed Time: 362 seconds
# Job ID: 29362905
# Date and Time: 2026-08-17 13:35:19
Running results/aims.n=1.out
# End Time: 2026-08-17 13:41:36
# Elapsed Time: 377 seconds
# Job ID: 29362905
# Date and Time: 2026-08-17 13:41:36
Running results/aims.n=2.out
# End Time: 2026-08-17 13:47:50
# Elapsed Time: 374 seconds
# Job ID: 29362905
# Date and Time: 2026-08-17 13:47:50
Running results/aims.n=3.out
# End Time: 2026-08-17 13:54:08
# Elapsed Time: 378 seconds
# Job ID: 29362905
# Date and Time: 2026-08-17 13:54:08
Running results/aims.n=4.out
# End Time: 2026-08-17 14:00:23
# Elapsed Time: 375 seconds
# Job ID: 29362905
# Date and Time: 2026-08-17 14:00:23
Running results/aims.n=5.out
# End Time: 2026-08-17 14:06:39
# Elapsed Time: 376 seconds
# Job ID: 29362905
# Date and Time: 2026-08-17 14:06:39
Running results/aims.n=6.out
# End Time: 2026-08-17 14:12:52
# Elapsed Time: 373 seconds
# Job ID: 29362905
# Date and Time: 2026-08-17 14:12:52
Running results/aims.n=7.out
# End Time: 2026-08-17 14:19:12
# Elapsed Time: 380 seconds
# Job ID: 29362905
# Date and Time: 2026-08-17 14:19:12
Running results/aims.n=8.out
# End Time: 2026-08-17 14:25:27
# Elapsed Time: 375 seconds
