# Job ID: 29333367
# Date and Time: 2026-08-14 18:48:39
Running results/aims.n=0.out
# End Time: 2026-08-14 18:54:56
# Elapsed Time: 377 seconds
# Job ID: 29333367
# Date and Time: 2026-08-14 18:54:57
Running results/aims.n=1.out
# End Time: 2026-08-14 19:01:27
# Elapsed Time: 390 seconds
# Job ID: 29333367
# Date and Time: 2026-08-14 19:01:27
Running results/aims.n=2.out
# End Time: 2026-08-14 19:07:57
# Elapsed Time: 390 seconds
# Job ID: 29333367
# Date and Time: 2026-08-14 19:07:57
Running results/aims.n=3.out
# End Time: 2026-08-14 19:14:27
# Elapsed Time: 390 seconds
# Job ID: 29333367
# Date and Time: 2026-08-14 19:14:27
Running results/aims.n=4.out
# End Time: 2026-08-14 19:20:57
# Elapsed Time: 390 seconds
