# Job ID: 30568482
# Date and Time: 2026-09-25 20:56:47
Running results/aims.n=0.out
# End Time: 2026-09-25 20:57:50
# Elapsed Time: 63 seconds
# Job ID: 30568482
# Date and Time: 2026-09-25 20:57:50
Running results/aims.n=1.out
# End Time: 2026-09-25 20:59:09
# Elapsed Time: 79 seconds
# Job ID: 30568482
# Date and Time: 2026-09-25 20:59:09
Running results/aims.n=2.out
# End Time: 2026-09-25 21:00:33
# Elapsed Time: 84 seconds
# Job ID: 30568482
# Date and Time: 2026-09-25 21:00:33
Running results/aims.n=3.out
# End Time: 2026-09-25 21:01:53
# Elapsed Time: 80 seconds
# Job ID: 30568482
# Date and Time: 2026-09-25 21:01:53
Running results/aims.n=4.out
# End Time: 2026-09-25 21:03:15
# Elapsed Time: 82 seconds
# Job ID: 30568482
# Date and Time: 2026-09-25 21:03:15
Running results/aims.n=5.out
# End Time: 2026-09-25 21:04:36
# Elapsed Time: 81 seconds
# Job ID: 30568482
# Date and Time: 2026-09-25 21:04:36
Running results/aims.n=6.out
# End Time: 2026-09-25 21:05:59
# Elapsed Time: 83 seconds
# Job ID: 30568482
# Date and Time: 2026-09-25 21:05:59
Running results/aims.n=7.out
# End Time: 2026-09-25 21:07:18
# Elapsed Time: 79 seconds
# Job ID: 30568482
# Date and Time: 2026-09-25 21:07:18
Running results/aims.n=8.out
# End Time: 2026-09-25 21:08:42
# Elapsed Time: 83 seconds
