# Job ID: 30568480
# Date and Time: 2026-09-25 17:53:28
Running results/aims.n=0.out
# End Time: 2026-09-25 17:54:25
# Elapsed Time: 57 seconds
# Job ID: 30568480
# Date and Time: 2026-09-25 17:54:25
Running results/aims.n=1.out
# End Time: 2026-09-25 17:55:38
# Elapsed Time: 73 seconds
# Job ID: 30568480
# Date and Time: 2026-09-25 17:55:38
Running results/aims.n=2.out
# End Time: 2026-09-25 17:56:56
# Elapsed Time: 78 seconds
# Job ID: 30568480
# Date and Time: 2026-09-25 17:56:56
Running results/aims.n=3.out
# End Time: 2026-09-25 17:58:09
# Elapsed Time: 73 seconds
# Job ID: 30568480
# Date and Time: 2026-09-25 17:58:09
Running results/aims.n=4.out
# End Time: 2026-09-25 17:59:26
# Elapsed Time: 77 seconds
# Job ID: 30568480
# Date and Time: 2026-09-25 17:59:26
Running results/aims.n=5.out
# End Time: 2026-09-25 18:00:41
# Elapsed Time: 75 seconds
# Job ID: 30568480
# Date and Time: 2026-09-25 18:00:41
Running results/aims.n=6.out
# End Time: 2026-09-25 18:01:58
# Elapsed Time: 77 seconds
# Job ID: 30568480
# Date and Time: 2026-09-25 18:01:58
Running results/aims.n=7.out
# End Time: 2026-09-25 18:03:22
# Elapsed Time: 84 seconds
# Job ID: 30568480
# Date and Time: 2026-09-25 18:03:22
Running results/aims.n=8.out
# End Time: 2026-09-25 18:04:39
# Elapsed Time: 77 seconds
