# Job ID: 29362904
# Date and Time: 2026-08-17 13:25:19
Running results/aims.n=0.out
# End Time: 2026-08-17 13:31:18
# Elapsed Time: 359 seconds
# Job ID: 29362904
# Date and Time: 2026-08-17 13:31:18
Running results/aims.n=1.out
# End Time: 2026-08-17 13:37:24
# Elapsed Time: 366 seconds
# Job ID: 29362904
# Date and Time: 2026-08-17 13:37:24
Running results/aims.n=2.out
# End Time: 2026-08-17 13:43:32
# Elapsed Time: 368 seconds
# Job ID: 29362904
# Date and Time: 2026-08-17 13:43:32
Running results/aims.n=3.out
# End Time: 2026-08-17 13:49:41
# Elapsed Time: 369 seconds
# Job ID: 29362904
# Date and Time: 2026-08-17 13:49:41
Running results/aims.n=4.out
# End Time: 2026-08-17 13:55:46
# Elapsed Time: 365 seconds
# Job ID: 29362904
# Date and Time: 2026-08-17 13:55:46
Running results/aims.n=5.out
# End Time: 2026-08-17 14:01:50
# Elapsed Time: 364 seconds
# Job ID: 29362904
# Date and Time: 2026-08-17 14:01:50
Running results/aims.n=6.out
# End Time: 2026-08-17 14:07:57
# Elapsed Time: 367 seconds
# Job ID: 29362904
# Date and Time: 2026-08-17 14:07:57
Running results/aims.n=7.out
# End Time: 2026-08-17 14:14:04
# Elapsed Time: 367 seconds
# Job ID: 29362904
# Date and Time: 2026-08-17 14:14:04
Running results/aims.n=8.out
# End Time: 2026-08-17 14:20:09
# Elapsed Time: 365 seconds
