# Job ID: 29333365
# Date and Time: 2026-08-14 18:48:39
Running results/aims.n=0.out
# End Time: 2026-08-14 18:49:35
# Elapsed Time: 56 seconds
# Job ID: 29333365
# Date and Time: 2026-08-14 18:49:35
Running results/aims.n=1.out
# End Time: 2026-08-14 18:50:29
# Elapsed Time: 54 seconds
# Job ID: 29333365
# Date and Time: 2026-08-14 18:50:29
Running results/aims.n=2.out
# End Time: 2026-08-14 18:51:21
# Elapsed Time: 52 seconds
# Job ID: 29333365
# Date and Time: 2026-08-14 18:51:21
Running results/aims.n=3.out
# End Time: 2026-08-14 18:52:14
# Elapsed Time: 53 seconds
# Job ID: 29333365
# Date and Time: 2026-08-14 18:52:14
Running results/aims.n=4.out
# End Time: 2026-08-14 18:53:08
# Elapsed Time: 54 seconds
