# Job ID: 30568487
# Date and Time: 2026-09-26 06:50:18
Running results/aims.n=0.out
# End Time: 2026-09-26 06:52:00
# Elapsed Time: 102 seconds
# Job ID: 30568487
# Date and Time: 2026-09-26 06:52:00
Running results/aims.n=1.out
# End Time: 2026-09-26 06:53:58
# Elapsed Time: 118 seconds
# Job ID: 30568487
# Date and Time: 2026-09-26 06:53:58
Running results/aims.n=2.out
# End Time: 2026-09-26 06:55:59
# Elapsed Time: 121 seconds
# Job ID: 30568487
# Date and Time: 2026-09-26 06:55:59
Running results/aims.n=3.out
# End Time: 2026-09-26 06:57:56
# Elapsed Time: 117 seconds
# Job ID: 30568487
# Date and Time: 2026-09-26 06:57:56
Running results/aims.n=4.out
# End Time: 2026-09-26 06:59:56
# Elapsed Time: 120 seconds
# Job ID: 30568487
# Date and Time: 2026-09-26 06:59:56
Running results/aims.n=5.out
# End Time: 2026-09-26 07:01:53
# Elapsed Time: 117 seconds
# Job ID: 30568487
# Date and Time: 2026-09-26 07:01:53
Running results/aims.n=6.out
# End Time: 2026-09-26 07:03:54
# Elapsed Time: 121 seconds
# Job ID: 30568487
# Date and Time: 2026-09-26 07:03:54
Running results/aims.n=7.out
# End Time: 2026-09-26 07:05:51
# Elapsed Time: 117 seconds
# Job ID: 30568487
# Date and Time: 2026-09-26 07:05:51
Running results/aims.n=8.out
# End Time: 2026-09-26 07:07:53
# Elapsed Time: 122 seconds
