# Job ID: 29333366
# Date and Time: 2026-08-14 18:48:41
Running results/aims.n=0.out
# End Time: 2026-08-14 18:54:52
# Elapsed Time: 371 seconds
# Job ID: 29333366
# Date and Time: 2026-08-14 18:54:52
Running results/aims.n=1.out
# End Time: 2026-08-14 19:01:16
# Elapsed Time: 384 seconds
# Job ID: 29333366
# Date and Time: 2026-08-14 19:01:16
Running results/aims.n=2.out
# End Time: 2026-08-14 19:07:45
# Elapsed Time: 389 seconds
# Job ID: 29333366
# Date and Time: 2026-08-14 19:07:45
Running results/aims.n=3.out
# End Time: 2026-08-14 19:14:08
# Elapsed Time: 383 seconds
# Job ID: 29333366
# Date and Time: 2026-08-14 19:14:08
Running results/aims.n=4.out
# End Time: 2026-08-14 19:20:37
# Elapsed Time: 389 seconds
