# Job ID: 30568477
# Date and Time: 2026-09-25 16:41:30
Running results/aims.n=0.out
# End Time: 2026-09-25 16:42:18
# Elapsed Time: 48 seconds
# Job ID: 30568477
# Date and Time: 2026-09-25 16:42:18
Running results/aims.n=1.out
# End Time: 2026-09-25 16:43:21
# Elapsed Time: 63 seconds
# Job ID: 30568477
# Date and Time: 2026-09-25 16:43:21
Running results/aims.n=2.out
# End Time: 2026-09-25 16:44:27
# Elapsed Time: 66 seconds
# Job ID: 30568477
# Date and Time: 2026-09-25 16:44:27
Running results/aims.n=3.out
# End Time: 2026-09-25 16:45:31
# Elapsed Time: 64 seconds
# Job ID: 30568477
# Date and Time: 2026-09-25 16:45:31
Running results/aims.n=4.out
# End Time: 2026-09-25 16:46:37
# Elapsed Time: 66 seconds
# Job ID: 30568477
# Date and Time: 2026-09-25 16:46:37
Running results/aims.n=5.out
# End Time: 2026-09-25 16:47:39
# Elapsed Time: 62 seconds
# Job ID: 30568477
# Date and Time: 2026-09-25 16:47:39
Running results/aims.n=6.out
# End Time: 2026-09-25 16:48:46
# Elapsed Time: 67 seconds
# Job ID: 30568477
# Date and Time: 2026-09-25 16:48:46
Running results/aims.n=7.out
# End Time: 2026-09-25 16:49:50
# Elapsed Time: 64 seconds
# Job ID: 30568477
# Date and Time: 2026-09-25 16:49:50
Running results/aims.n=8.out
# End Time: 2026-09-25 16:50:56
# Elapsed Time: 66 seconds
