                                  
================================= 
Global information about the job: 
================================= 
  
Job owner: elsto(84651)
Job name:  MgO
Node list: vipc[2554,2556-2557,2561-2565]
Job start: Tue Jun  9 15:22:35 CEST 2026
Job end:   Tue Jun  9 15:23:35 CEST 2026
Work dir:  /u/elsto/works/ScaLAPACK-memory/MgO/supercell-2/lapack-1024/./
Command:   /viper/u1/elsto/works/ScaLAPACK-memory/MgO/supercell-2/lapack-1024/main.sh
  
  
  
==========================================================================================
Information on jobsteps (Note: MaxRSS/AveRSS is the maximum/average over all 
tasks of the per-task memory high-water marks; cf. "man sacct"): 
==========================================================================================
  
JobID            JobName NNodes NTasks  NCPUS       MaxRSS       AveRSS    Elapsed ExitCode
------------- ---------- ------ ------ ------ ------------ ------------ ---------- --------
9656529              MgO      8          2048                             00:01:00      0:0
9656529.0     aims.26052      8   1024   2048      255.10M      237.97M   00:00:55      0:0
  
Maximum memory per node: 34.238890 GB (defined as MaxRSS*Ntasks/NNodes)
CPU utilization: 33.3 %
  
