                                  
================================= 
Global information about the job: 
================================= 
  
Job owner: elsto(84651)
Job name:  MgO
Node list: vipc[2437,2440-2441,2443,2445-2446,2448-2449]
Job start: Tue Jun  9 15:22:35 CEST 2026
Job end:   Tue Jun  9 15:34:53 CEST 2026
Work dir:  /u/elsto/works/ScaLAPACK-memory/MgO/supercell-4/scalapack-1024/./
Command:   /viper/u1/elsto/works/ScaLAPACK-memory/MgO/supercell-4/scalapack-1024/main.sh
  
  
  
==========================================================================================
Information on jobsteps (Note: MaxRSS/AveRSS is the maximum/average over all 
tasks of the per-task memory high-water marks; cf. "man sacct"): 
==========================================================================================
  
JobID            JobName NNodes NTasks  NCPUS       MaxRSS       AveRSS    Elapsed ExitCode
------------- ---------- ------ ------ ------ ------------ ------------ ---------- --------
9656352              MgO      8          2048                             00:12:18      0:0
9656352.0     aims.26052      8    256   2048     5336.22M     4632.08M   00:12:13      0:0
  
Maximum memory per node: 179.053953 GB (defined as MaxRSS*Ntasks/NNodes)
CPU utilization: 24.3 %
  
