# Job ID: 11942417
# Date and Time: 2026-09-22 22:53:04
Running results/aims.n=40.out
# End Time: 2026-09-22 22:55:22
# Elapsed Time: 432 seconds
# End Time: 2026-09-22 22:55:49
# Elapsed Time: 459 seconds
# End Time: 2026-09-22 22:58:13
# Elapsed Time: 922 seconds
# End Time: 2026-09-22 22:58:55
# Elapsed Time: 1109 seconds
# End Time: 2026-09-22 23:01:35
# Elapsed Time: 1268 seconds
# End Time: 2026-09-22 23:02:43
# Elapsed Time: 579 seconds
# End Time: 2026-09-22 23:05:50
# Elapsed Time: 1702 seconds
# End Time: 2026-09-22 23:06:12
# Elapsed Time: 1724 seconds
# End Time: 2026-09-22 23:09:06
# Elapsed Time: 1720 seconds
