# Job ID: 30568481
# Date and Time: 2026-09-25 20:27:41
Running results/aims.n=0.out
# End Time: 2026-09-25 20:28:40
# Elapsed Time: 59 seconds
# Job ID: 30568481
# Date and Time: 2026-09-25 20:28:41
Running results/aims.n=1.out
# End Time: 2026-09-25 20:29:57
# Elapsed Time: 76 seconds
# Job ID: 30568481
# Date and Time: 2026-09-25 20:29:57
Running results/aims.n=2.out
# End Time: 2026-09-25 20:31:17
# Elapsed Time: 80 seconds
# Job ID: 30568481
# Date and Time: 2026-09-25 20:31:17
Running results/aims.n=3.out
# End Time: 2026-09-25 20:32:34
# Elapsed Time: 77 seconds
# Job ID: 30568481
# Date and Time: 2026-09-25 20:32:34
Running results/aims.n=4.out
# End Time: 2026-09-25 20:33:54
# Elapsed Time: 80 seconds
# Job ID: 30568481
# Date and Time: 2026-09-25 20:33:54
Running results/aims.n=5.out
# End Time: 2026-09-25 20:35:11
# Elapsed Time: 77 seconds
# Job ID: 30568481
# Date and Time: 2026-09-25 20:35:11
Running results/aims.n=6.out
# End Time: 2026-09-25 20:36:31
# Elapsed Time: 80 seconds
# Job ID: 30568481
# Date and Time: 2026-09-25 20:36:31
Running results/aims.n=7.out
# End Time: 2026-09-25 20:37:47
# Elapsed Time: 76 seconds
# Job ID: 30568481
# Date and Time: 2026-09-25 20:37:47
Running results/aims.n=8.out
# End Time: 2026-09-25 20:39:08
# Elapsed Time: 81 seconds
