                                  
================================= 
Global information about the job: 
================================= 
  
Job owner: elsto(84651)
Job name:  MgO
Node list: vipc[2268-2269,2272,2275-2277,2283,2474]
Job start: Tue Jun  9 15:22:35 CEST 2026
Job end:   Tue Jun  9 15:26:12 CEST 2026
Work dir:  /u/elsto/works/ScaLAPACK-memory/MgO/supercell-3/lapack-1024/./
Command:   /viper/u1/elsto/works/ScaLAPACK-memory/MgO/supercell-3/lapack-1024/main.sh
  
  
  
==========================================================================================
Information on jobsteps (Note: MaxRSS/AveRSS is the maximum/average over all 
tasks of the per-task memory high-water marks; cf. "man sacct"): 
==========================================================================================
  
JobID            JobName NNodes NTasks  NCPUS       MaxRSS       AveRSS    Elapsed ExitCode
------------- ---------- ------ ------ ------ ------------ ------------ ---------- --------
9656530              MgO      8          2048                             00:03:37      0:0
9656530.0     aims.26052      8   1024   2048      597.78M      389.23M   00:03:32      0:0
  
Maximum memory per node: 80.233103 GB (defined as MaxRSS*Ntasks/NNodes)
CPU utilization: 90.3 %
  
