                                  
================================= 
Global information about the job: 
================================= 
  
Job owner: elsto(84651)
Job name:  MgO
Node list: vipm[2001-2002,2007,2012,2073,2075,2082,2087]
Job start: Tue Jun  9 14:49:42 CEST 2026
Job end:   Tue Jun  9 14:50:44 CEST 2026
Work dir:  /u/elsto/works/ScaLAPACK-memory/MgO/supercell-3/scalapack-1024/./
Command:   /viper/u1/elsto/works/ScaLAPACK-memory/MgO/supercell-3/scalapack-1024/main.sh
  
  
  
==========================================================================================
Information on jobsteps (Note: MaxRSS/AveRSS is the maximum/average over all 
tasks of the per-task memory high-water marks; cf. "man sacct"): 
==========================================================================================
  
JobID            JobName NNodes NTasks  NCPUS       MaxRSS       AveRSS    Elapsed ExitCode
------------- ---------- ------ ------ ------ ------------ ------------ ---------- --------
9656344              MgO      8          2048                             00:01:02      0:0
9656344.0     aims.26052      8   1024   2048      523.55M      473.05M   00:00:58      0:0
  
Maximum memory per node: 70.269534 GB (defined as MaxRSS*Ntasks/NNodes)
CPU utilization: 66.1 %
  
