# Job ID: 30568479
# Date and Time: 2026-09-25 16:56:47
Running results/aims.n=0.out
# End Time: 2026-09-25 16:57:41
# Elapsed Time: 54 seconds
# Job ID: 30568479
# Date and Time: 2026-09-25 16:57:41
Running results/aims.n=1.out
# End Time: 2026-09-25 16:58:52
# Elapsed Time: 71 seconds
# Job ID: 30568479
# Date and Time: 2026-09-25 16:58:52
Running results/aims.n=2.out
# End Time: 2026-09-25 17:00:04
# Elapsed Time: 72 seconds
# Job ID: 30568479
# Date and Time: 2026-09-25 17:00:04
Running results/aims.n=3.out
# End Time: 2026-09-25 17:01:15
# Elapsed Time: 71 seconds
# Job ID: 30568479
# Date and Time: 2026-09-25 17:01:15
Running results/aims.n=4.out
# End Time: 2026-09-25 17:02:29
# Elapsed Time: 74 seconds
# Job ID: 30568479
# Date and Time: 2026-09-25 17:02:29
Running results/aims.n=5.out
# End Time: 2026-09-25 17:03:39
# Elapsed Time: 70 seconds
# Job ID: 30568479
# Date and Time: 2026-09-25 17:03:39
Running results/aims.n=6.out
# End Time: 2026-09-25 17:04:54
# Elapsed Time: 75 seconds
# Job ID: 30568479
# Date and Time: 2026-09-25 17:04:54
Running results/aims.n=7.out
# End Time: 2026-09-25 17:06:04
# Elapsed Time: 70 seconds
# Job ID: 30568479
# Date and Time: 2026-09-25 17:06:04
Running results/aims.n=8.out
# End Time: 2026-09-25 17:07:17
# Elapsed Time: 73 seconds
