                                  
================================= 
Global information about the job: 
================================= 
  
Job owner: elsto(84651)
Job name:  MgO
Node list: vipc[2536,2541-2542,2545,2547,2550-2552]
Job start: Tue Jun  9 15:22:35 CEST 2026
Job end:   Tue Jun  9 15:23:50 CEST 2026
Work dir:  /u/elsto/works/ScaLAPACK-memory/MgO/supercell-1/lapack-1024/./
Command:   /viper/u1/elsto/works/ScaLAPACK-memory/MgO/supercell-1/lapack-1024/main.sh
  
  
  
==========================================================================================
Information on jobsteps (Note: MaxRSS/AveRSS is the maximum/average over all 
tasks of the per-task memory high-water marks; cf. "man sacct"): 
==========================================================================================
  
JobID            JobName NNodes NTasks  NCPUS       MaxRSS       AveRSS    Elapsed ExitCode
------------- ---------- ------ ------ ------ ------------ ------------ ---------- --------
9656527              MgO      8          2048                             00:01:15      0:0
9656527.0     aims.26052      8   1024   2048      182.40M      177.41M   00:01:07      0:0
  
Maximum memory per node: 24.481235 GB (defined as MaxRSS*Ntasks/NNodes)
CPU utilization: 5.3 %
  
