# Job ID: 30568478
# Date and Time: 2026-09-25 16:52:57
Running results/aims.n=0.out
# End Time: 2026-09-25 16:53:43
# Elapsed Time: 46 seconds
# Job ID: 30568478
# Date and Time: 2026-09-25 16:53:43
Running results/aims.n=1.out
# End Time: 2026-09-25 16:54:55
# Elapsed Time: 72 seconds
# Job ID: 30568478
# Date and Time: 2026-09-25 16:54:55
Running results/aims.n=2.out
# End Time: 2026-09-25 16:56:05
# Elapsed Time: 70 seconds
# Job ID: 30568478
# Date and Time: 2026-09-25 16:56:05
Running results/aims.n=3.out
# End Time: 2026-09-25 16:57:12
# Elapsed Time: 67 seconds
# Job ID: 30568478
# Date and Time: 2026-09-25 16:57:12
Running results/aims.n=4.out
# End Time: 2026-09-25 16:58:21
# Elapsed Time: 69 seconds
# Job ID: 30568478
# Date and Time: 2026-09-25 16:58:21
Running results/aims.n=5.out
# End Time: 2026-09-25 16:59:28
# Elapsed Time: 67 seconds
# Job ID: 30568478
# Date and Time: 2026-09-25 16:59:28
Running results/aims.n=6.out
# End Time: 2026-09-25 17:00:39
# Elapsed Time: 71 seconds
# Job ID: 30568478
# Date and Time: 2026-09-25 17:00:39
Running results/aims.n=7.out
# End Time: 2026-09-25 17:01:45
# Elapsed Time: 66 seconds
# Job ID: 30568478
# Date and Time: 2026-09-25 17:01:45
Running results/aims.n=8.out
# End Time: 2026-09-25 17:02:55
# Elapsed Time: 70 seconds
