# Job ID: 29362903
# Date and Time: 2026-08-17 13:21:30
Running results/aims.n=0.out
# End Time: 2026-08-17 13:27:18
# Elapsed Time: 348 seconds
# Job ID: 29362903
# Date and Time: 2026-08-17 13:27:18
Running results/aims.n=1.out
# End Time: 2026-08-17 13:33:08
# Elapsed Time: 350 seconds
# Job ID: 29362903
# Date and Time: 2026-08-17 13:33:08
Running results/aims.n=2.out
# End Time: 2026-08-17 13:38:57
# Elapsed Time: 349 seconds
# Job ID: 29362903
# Date and Time: 2026-08-17 13:38:57
Running results/aims.n=3.out
# End Time: 2026-08-17 13:44:55
# Elapsed Time: 358 seconds
# Job ID: 29362903
# Date and Time: 2026-08-17 13:44:55
Running results/aims.n=4.out
# End Time: 2026-08-17 13:50:45
# Elapsed Time: 350 seconds
# Job ID: 29362903
# Date and Time: 2026-08-17 13:50:45
Running results/aims.n=5.out
# End Time: 2026-08-17 13:56:35
# Elapsed Time: 350 seconds
# Job ID: 29362903
# Date and Time: 2026-08-17 13:56:35
Running results/aims.n=6.out
# End Time: 2026-08-17 14:02:25
# Elapsed Time: 350 seconds
# Job ID: 29362903
# Date and Time: 2026-08-17 14:02:25
Running results/aims.n=7.out
# End Time: 2026-08-17 14:08:23
# Elapsed Time: 358 seconds
# Job ID: 29362903
# Date and Time: 2026-08-17 14:08:23
Running results/aims.n=8.out
# End Time: 2026-08-17 14:14:11
# Elapsed Time: 348 seconds
