# Job ID: 30568483
# Date and Time: 2026-09-26 06:30:00
Running results/aims.n=0.out
# End Time: 2026-09-26 06:31:06
# Elapsed Time: 66 seconds
# Job ID: 30568483
# Date and Time: 2026-09-26 06:31:06
Running results/aims.n=1.out
# End Time: 2026-09-26 06:32:28
# Elapsed Time: 82 seconds
# Job ID: 30568483
# Date and Time: 2026-09-26 06:32:28
Running results/aims.n=2.out
# End Time: 2026-09-26 06:33:54
# Elapsed Time: 86 seconds
# Job ID: 30568483
# Date and Time: 2026-09-26 06:33:54
Running results/aims.n=3.out
# End Time: 2026-09-26 06:35:16
# Elapsed Time: 82 seconds
# Job ID: 30568483
# Date and Time: 2026-09-26 06:35:16
Running results/aims.n=4.out
# End Time: 2026-09-26 06:36:43
# Elapsed Time: 87 seconds
# Job ID: 30568483
# Date and Time: 2026-09-26 06:36:43
Running results/aims.n=5.out
# End Time: 2026-09-26 06:38:05
# Elapsed Time: 82 seconds
# Job ID: 30568483
# Date and Time: 2026-09-26 06:38:05
Running results/aims.n=6.out
# End Time: 2026-09-26 06:39:32
# Elapsed Time: 87 seconds
# Job ID: 30568483
# Date and Time: 2026-09-26 06:39:32
Running results/aims.n=7.out
# End Time: 2026-09-26 06:40:54
# Elapsed Time: 82 seconds
# Job ID: 30568483
# Date and Time: 2026-09-26 06:40:54
Running results/aims.n=8.out
# End Time: 2026-09-26 06:42:19
# Elapsed Time: 85 seconds
