# Job ID: 30568485
# Date and Time: 2026-09-26 06:46:12
Running results/aims.n=0.out
# End Time: 2026-09-26 06:47:29
# Elapsed Time: 77 seconds
# Job ID: 30568485
# Date and Time: 2026-09-26 06:47:29
Running results/aims.n=1.out
# End Time: 2026-09-26 06:49:02
# Elapsed Time: 93 seconds
# Job ID: 30568485
# Date and Time: 2026-09-26 06:49:02
Running results/aims.n=2.out
# End Time: 2026-09-26 06:50:39
# Elapsed Time: 97 seconds
# Job ID: 30568485
# Date and Time: 2026-09-26 06:50:39
Running results/aims.n=3.out
# End Time: 2026-09-26 06:52:13
# Elapsed Time: 94 seconds
# Job ID: 30568485
# Date and Time: 2026-09-26 06:52:13
Running results/aims.n=4.out
# End Time: 2026-09-26 06:53:51
# Elapsed Time: 98 seconds
# Job ID: 30568485
# Date and Time: 2026-09-26 06:53:51
Running results/aims.n=5.out
# End Time: 2026-09-26 06:55:25
# Elapsed Time: 94 seconds
# Job ID: 30568485
# Date and Time: 2026-09-26 06:55:25
Running results/aims.n=6.out
# End Time: 2026-09-26 06:57:02
# Elapsed Time: 97 seconds
# Job ID: 30568485
# Date and Time: 2026-09-26 06:57:02
Running results/aims.n=7.out
# End Time: 2026-09-26 06:58:37
# Elapsed Time: 95 seconds
# Job ID: 30568485
# Date and Time: 2026-09-26 06:58:37
Running results/aims.n=8.out
# End Time: 2026-09-26 07:00:16
# Elapsed Time: 99 seconds
