# Job ID: 30568486
# Date and Time: 2026-09-26 06:46:12
Running results/aims.n=0.out
# End Time: 2026-09-26 06:47:33
# Elapsed Time: 81 seconds
# Job ID: 30568486
# Date and Time: 2026-09-26 06:47:33
Running results/aims.n=1.out
# End Time: 2026-09-26 06:49:13
# Elapsed Time: 100 seconds
# Job ID: 30568486
# Date and Time: 2026-09-26 06:49:13
Running results/aims.n=2.out
# End Time: 2026-09-26 06:50:56
# Elapsed Time: 103 seconds
# Job ID: 30568486
# Date and Time: 2026-09-26 06:50:56
Running results/aims.n=3.out
# End Time: 2026-09-26 06:52:37
# Elapsed Time: 101 seconds
# Job ID: 30568486
# Date and Time: 2026-09-26 06:52:37
Running results/aims.n=4.out
# End Time: 2026-09-26 06:54:28
# Elapsed Time: 111 seconds
# Job ID: 30568486
# Date and Time: 2026-09-26 06:54:28
Running results/aims.n=5.out
# End Time: 2026-09-26 06:56:09
# Elapsed Time: 101 seconds
# Job ID: 30568486
# Date and Time: 2026-09-26 06:56:09
Running results/aims.n=6.out
# End Time: 2026-09-26 06:57:51
# Elapsed Time: 102 seconds
# Job ID: 30568486
# Date and Time: 2026-09-26 06:57:51
Running results/aims.n=7.out
# End Time: 2026-09-26 06:59:30
# Elapsed Time: 99 seconds
# Job ID: 30568486
# Date and Time: 2026-09-26 06:59:30
Running results/aims.n=8.out
# End Time: 2026-09-26 07:01:13
# Elapsed Time: 103 seconds
