# Job ID: 30568484
# Date and Time: 2026-09-26 06:30:00
Running results/aims.n=0.out
# End Time: 2026-09-26 06:31:12
# Elapsed Time: 72 seconds
# Job ID: 30568484
# Date and Time: 2026-09-26 06:31:12
Running results/aims.n=1.out
# End Time: 2026-09-26 06:32:41
# Elapsed Time: 89 seconds
# Job ID: 30568484
# Date and Time: 2026-09-26 06:32:41
Running results/aims.n=2.out
# End Time: 2026-09-26 06:34:15
# Elapsed Time: 94 seconds
# Job ID: 30568484
# Date and Time: 2026-09-26 06:34:15
Running results/aims.n=3.out
# End Time: 2026-09-26 06:35:43
# Elapsed Time: 88 seconds
# Job ID: 30568484
# Date and Time: 2026-09-26 06:35:43
Running results/aims.n=4.out
# End Time: 2026-09-26 06:37:15
# Elapsed Time: 92 seconds
# Job ID: 30568484
# Date and Time: 2026-09-26 06:37:15
Running results/aims.n=5.out
# End Time: 2026-09-26 06:38:44
# Elapsed Time: 89 seconds
# Job ID: 30568484
# Date and Time: 2026-09-26 06:38:44
Running results/aims.n=6.out
# End Time: 2026-09-26 06:40:15
# Elapsed Time: 91 seconds
# Job ID: 30568484
# Date and Time: 2026-09-26 06:40:15
Running results/aims.n=7.out
# End Time: 2026-09-26 06:41:42
# Elapsed Time: 87 seconds
# Job ID: 30568484
# Date and Time: 2026-09-26 06:41:42
Running results/aims.n=8.out
# End Time: 2026-09-26 06:43:15
# Elapsed Time: 93 seconds
